============================= test session starts =============================
platform win32 -- Python 3.12.0, pytest-7.4.3, pluggy-1.3.0
rootdir: C:\Users\defen\OneDrive\Documents\Programing\Task-Management-System
collected 16 items

tests\test_main.py ................                                      [100%]

============================== warnings summary ===============================
tests/test_main.py: 12 warnings
  C:\Users\defen\AppData\Local\Programs\Python\Python312\Lib\site-packages\flask_login\login_manager.py:488: DeprecationWarning: datetime.datetime.utcnow() is deprecated and scheduled for removal in a future version. Use timezone-aware objects to represent datetimes in UTC: datetime.datetime.now(datetime.UTC).
    expires = datetime.utcnow() + duration

tests/test_main.py: 27 warnings
  C:\Users\defen\OneDrive\Documents\Programing\Task-Management-System\website\__init__.py:33: LegacyAPIWarning: The Query.get() method is considered legacy as of the 1.x series of SQLAlchemy and becomes a legacy construct in 2.0. The method is now available as Session.get() (deprecated since: 2.0) (Background on SQLAlchemy 2.0 at: https://sqlalche.me/e/b8d9)
    return User.query.get(int(id))

tests/test_main.py::test_view_task[1]
tests/test_main.py::test_view_task[2]
tests/test_main.py::test_view_task[3]
  C:\Users\defen\OneDrive\Documents\Programing\Task-Management-System\website\views.py:36: LegacyAPIWarning: The Query.get() method is considered legacy as of the 1.x series of SQLAlchemy and becomes a legacy construct in 2.0. The method is now available as Session.get() (deprecated since: 2.0) (Background on SQLAlchemy 2.0 at: https://sqlalche.me/e/b8d9)
    project = Project.query.get(project_id)

-- Docs: https://docs.pytest.org/en/stable/how-to/capture-warnings.html
======================= 16 passed, 42 warnings in 0.50s =======================
